../Core/Src/main.c:110:7:nmeaToDecimal	32	static
../Core/Src/main.c:118:6:gpsParse	32	static
../Core/Src/main.c:139:5:gpsValidate	32	static
../Core/Src/main.c:177:6:HAL_UART_RxCpltCallback	16	static
../Core/Src/main.c:203:5:main	96	static
../Core/Src/main.c:264:6:SystemClock_Config	88	static
../Core/Src/main.c:311:13:MX_TIM1_Init	32	static
../Core/Src/main.c:357:13:MX_USART1_UART_Init	8	static
../Core/Src/main.c:390:13:MX_GPIO_Init	40	static
../Core/Src/main.c:423:6:SysTick_CallBack	8	static
../Core/Src/main.c:433:6:Display_Handler	4	static
../Core/Src/main.c:534:6:Error_Handler	4	static,ignoring_inline_asm
